// Jest Snapshot v1, https://goo.gl/fbAQLP

exports[`<EnhancedTable /> renders 1`] = `ShallowWrapper {}`;
