// Jest Snapshot v1, https://goo.gl/fbAQLP

exports[`<OAuthUserComponent /> renders 1`] = `ShallowWrapper {}`;
