// Jest Snapshot v1, https://goo.gl/fbAQLP

exports[`<OAuthUserTableRow /> renders 1`] = `ShallowWrapper {}`;
