// Jest Snapshot v1, https://goo.gl/fbAQLP

exports[`<ButtonListItem /> renders 1`] = `ShallowWrapper {}`;
