// Jest Snapshot v1, https://goo.gl/fbAQLP

exports[`<ExpandableButtonListItem /> renders 1`] = `ShallowWrapper {}`;
