// Jest Snapshot v1, https://goo.gl/fbAQLP

exports[`<EnhancedTableHead /> renders 1`] = `ShallowWrapper {}`;
