// Jest Snapshot v1, https://goo.gl/fbAQLP

exports[`<EnhancedTableToolbar /> renders 1`] = `ShallowWrapper {}`;
